OpenJDK 64-Bit Server VM (24.91-b01) for linux-amd64 JRE (1.7.0_91-b02), built on Nov 19 2015 06:08:55 by "buildd" with gcc 4.9.2
Memory: 4k page, physical 8041872k(6203612k free), swap 8254460k(8254460k free)
CommandLine flags: -XX:+CMSClassUnloadingEnabled -XX:+CMSScavengeBeforeRemark -XX:+DisableExplicitGC -XX:InitialHeapSize=1073741824 -XX:+ManagementServer -XX:MaxHeapSize=1073741824 -XX:MaxNewSize=348966912 -XX:MaxTenuringThreshold=6 -XX:NewSize=348966912 -XX:OldPLABSize=16 -XX:OldSize=697933824 -XX:+PrintGC -XX:+PrintGCDateStamps -XX:+PrintGCDetails -XX:+PrintGCTimeStamps -XX:+UseCompressedOops -XX:+UseConcMarkSweepGC -XX:+UseParNewGC 
2016-01-08T11:35:00.931-0500: 106.221: [GC [1 CMS-initial-mark: 0K(707840K)] 163765K(1014528K), 0.0204430 secs] [Times: user=0.02 sys=0.00, real=0.02 secs] 
2016-01-08T11:35:00.952-0500: 106.242: [CMS-concurrent-mark-start]
2016-01-08T11:35:00.989-0500: 106.278: [CMS-concurrent-mark: 0.037/0.037 secs] [Times: user=0.04 sys=0.00, real=0.03 secs] 
2016-01-08T11:35:00.989-0500: 106.279: [CMS-concurrent-preclean-start]
2016-01-08T11:35:01.017-0500: 106.306: [CMS-concurrent-preclean: 0.027/0.028 secs] [Times: user=0.03 sys=0.00, real=0.03 secs] 
2016-01-08T11:35:01.017-0500: 106.306: [CMS-concurrent-abortable-preclean-start]
 CMS: abort preclean due to time 2016-01-08T11:35:06.080-0500: 111.369: [CMS-concurrent-abortable-preclean: 0.157/5.063 secs] [Times: user=0.20 sys=0.00, real=5.07 secs] 
2016-01-08T11:35:06.080-0500: 111.369: [GC[YG occupancy: 163772 K (306688 K)]2016-01-08T11:35:06.080-0500: 111.369: [GC2016-01-08T11:35:06.080-0500: 111.369: [ParNew: 163772K->10373K(306688K), 0.0239070 secs] 163772K->10373K(1014528K), 0.0239740 secs] [Times: user=0.06 sys=0.00, real=0.02 secs] 
2016-01-08T11:35:06.104-0500: 111.393: [Rescan (parallel) , 0.0125740 secs]2016-01-08T11:35:06.116-0500: 111.406: [weak refs processing, 0.0000200 secs]2016-01-08T11:35:06.116-0500: 111.406: [class unloading, 0.0007180 secs]2016-01-08T11:35:06.117-0500: 111.407: [scrub symbol table, 0.0023740 secs]2016-01-08T11:35:06.120-0500: 111.409: [scrub string table, 0.0001960 secs] [1 CMS-remark: 0K(707840K)] 10373K(1014528K), 0.0401120 secs] [Times: user=0.09 sys=0.00, real=0.04 secs] 
2016-01-08T11:35:06.120-0500: 111.410: [CMS-concurrent-sweep-start]
2016-01-08T11:35:06.125-0500: 111.415: [CMS-concurrent-sweep: 0.005/0.005 secs] [Times: user=0.02 sys=0.00, real=0.00 secs] 
2016-01-08T11:35:06.126-0500: 111.415: [CMS-concurrent-reset-start]
2016-01-08T11:35:06.129-0500: 111.418: [CMS-concurrent-reset: 0.003/0.003 secs] [Times: user=0.01 sys=0.00, real=0.00 secs] 
2016-01-08T13:00:50.411-0500: 5255.701: [GC2016-01-08T13:00:50.411-0500: 5255.701: [ParNew: 283013K->4884K(306688K), 0.0201670 secs] 283013K->4884K(1014528K), 0.0203610 secs] [Times: user=0.07 sys=0.00, real=0.03 secs] 
